[homesociete.ca/index.html]
[backblue.gif]
[fade.gif]
[index.html]
[homesociete.ca/themes/homesociete/dist/images/favicons/favicon.png]
[homesociete.ca/themes/homesociete/dist/images/favicons/apple-touch-icon.png]
[homesociete.ca/themes/homesociete/dist/images/favicons/safari-pinned-tab.svg]
[homesociete.ca/themes/homesociete/resources/site.webmanifest.json]
[homesociete.ca/wordpress/wp-includes/css/dist/block-library/style.minbb49.css]
[homesociete.ca/themes/homesociete/dist/styles/main.css]
[www.google.com/recaptcha/apib091.js]
[connect.facebook.net/en_US/fbevents.js]
[homesociete.ca/themes/homesociete/dist/images/sprite.svg]
[homesociete.ca/uploads/2019/08/Propositions-1.jpg]
[homesociete.ca/uploads/2019/06/must-1.jpg]
[homesociete.ca/uploads/2019/06/jardin-de-ville.jpg]
[homesociete.ca/uploads/2019/06/maison-corbeil-1-1.jpg]
[homesociete.ca/uploads/2019/06/velvet-1.jpg]
[homesociete.ca/uploads/2019/06/colette-1.jpg]
[homesociete.ca/uploads/2019/06/ca-1.jpg]
[homesociete.ca/uploads/2019/06/flou-1.jpg]
[homesociete.ca/uploads/2019/06/london-art-1.jpg]
[homesociete.ca/uploads/2019/06/kartell-1.jpg]
[homesociete.ca/uploads/2019/06/ligne-roset.jpg]
[homesociete.ca/uploads/2019/06/moretti.jpg]
[homesociete.ca/uploads/2019/06/must-2.jpg]
[homesociete.ca/uploads/2019/06/jardin-de-ville-1.jpg]
[homesociete.ca/uploads/2019/06/jardin-de-ville-2.jpg]
[homesociete.ca/uploads/2019/06/maison-corbeil-1.jpg]
[homesociete.ca/uploads/2019/06/maison-corbeil-2.jpg]
[homesociete.ca/careers/index.html]
[homesociete.ca/uploads/2019/06/velvet.jpg]
[homesociete.ca/uploads/2019/06/colette.jpg]
[homesociete.ca/uploads/2019/06/ca.jpg]
[homesociete.ca/uploads/2019/06/flou.jpg]
[homesociete.ca/uploads/2019/06/london-art.jpg]
[homesociete.ca/uploads/2019/06/kartell.jpg]
[homesociete.ca/uploads/2019/06/ligne-roset-2.jpg]
[homesociete.ca/uploads/2019/06/ligne-roset-1.jpg]
[homesociete.ca/uploads/2019/06/moretti-1.jpg]
[homesociete.ca/uploads/2019/06/moretti-2.jpg]
[homesociete.ca/cdn-cgi/l/email-protection.html]
[homesociete.ca/cdn-cgi/scripts/5c5dd728/cloudflare-static/email-decode.min.js]
[homesociete.ca/terms-of-use/index.html]
[homesociete.ca/privacy-policy/index.html]
[ajax.googleapis.com/ajax/libs/jquery/3.3.1/jquery.min.js]
[homesociete.ca/themes/homesociete/dist/scripts/jquery.min.js]
[homesociete.ca/index.html]
[www.googletagmanager.com/gtm5445.html]
[homesociete.ca/themes/homesociete/dist/images/favicons/safari-pinned-tab.svg]
[homesociete.ca/wordpress/wp-includes/css/dist/block-library/style.minbb49.css]
[homesociete.ca/themes/homesociete/dist/scripts/app.js]
[homesociete.ca/themes/homesociete/dist/scripts/vendors.js]
[homesociete.ca/themes/homesociete/dist/fonts/hinted-NHaasGroteskDSPro-55Rg.woff]
[homesociete.ca/themes/homesociete/dist/styles/main.css]
[homesociete.ca/wordpress/wp-admin/admin-ajax.html]
[homesociete.ca/indexd784.html]
[homesociete.ca/POST]
[connect.facebook.net/en_US/fbevents.js]
[homesociete.ca/themes/homesociete/dist/images/sprite.svg]
[homesociete.ca/careers/index.html]
[homesociete.ca/themes/homesociete/dist/fonts/hinted-GTSuperDisplay-Light.woff]
[homesociete.ca/cdn-cgi/l/email-protection.html]
[homesociete.ca/feed/index.html]
[homesociete.ca/careers/team-leader-warehouse/index.html]
[homesociete.ca/careers/associate-delivery-administration/index.html]
[homesociete.ca/privacy-policy/index.html]
[homesociete.ca/terms-of-use/index.html]
[homesociete.ca/themes/homesociete/dist/scripts/jquery.min.js]
[homesociete.ca/careers/sales-associate/index.html]
[homesociete.ca/giItT1WQy@!-/index.html]
[homesociete.ca/images/index.html]
[homesociete.ca/GET]
[homesociete.ca/themes/homesociete/dist/scripts/vendors.js]
[homesociete.ca/themes/homesociete/dist/scripts/app.js]
[homesociete.ca/themes/homesociete/dist/fonts/hinted-NHaasGroteskDSPro-55Rg.html]
[homesociete.ca/themes/homesociete/dist/fonts/hinted-GTSuperDisplay-Light.html]
[homesociete.ca/feed/index.html]
[homesociete.ca/POST.html]
[homesociete.ca/careers/associate-delivery-administration/index.html]
[homesociete.ca/careers/team-leader-warehouse/index.html]
[homesociete.ca/careers/sales-associate/index.html]
[homesociete.ca/giItT1WQy@!-/index.html]
[homesociete.ca/images/index.html]
[homesociete.ca/GET.html]
[homesociete.ca/Version/index.html]
[homesociete.ca/Version/index.html]
[homesociete.ca/version/index-2.html]
[homesociete.ca/version/index-2.html]
[homesociete.ca/wp-ajax9732.json]
